{
"issues":  [
{
"id":  "S1449",
"message":  "Define the locale to be used in this string operation.",
"location":  {
"uri":  "sources\Nancy\src\Nancy.Testing.Tests\BrowserFixture.cs",
"region":  {
"startLine":  667,
"startColumn":  61,
"endLine":  667,
"endColumn":  68
}
}
},
{
"id":  "S1449",
"message":  "Define the locale to be used in this string operation.",
"location":  {
"uri":  "sources\Nancy\src\Nancy.Tests\ShouldExtensions.cs",
"region":  {
"startLine":  71,
"startColumn":  40,
"endLine":  71,
"endColumn":  47
}
}
}
]
}
