{
"issues":  [
{
"id":  "S1226",
"message":  "Introduce a new variable instead of reusing the parameter 'content'.",
"location":  {
"uri":  "sources\Nancy\src\Nancy.Demo.MarkdownViewEngine\Model\BlogModel.cs",
"region":  {
"startLine":  99,
"startColumn":  17,
"endLine":  99,
"endColumn":  24
}
}
}
]
}
