{
"issues":  [
{
"id":  "S2357",
"message":  "Make 'ActionWasInvoked' private.",
"location":  {
"uri":  "sources\Nancy\src\Nancy.Tests\Fakes\FakeRoute.cs",
"region":  {
"startLine":  13,
"startColumn":  21,
"endLine":  13,
"endColumn":  37
}
}
},
{
"id":  "S2357",
"message":  "Make 'ParametersUsedToInvokeAction' private.",
"location":  {
"uri":  "sources\Nancy\src\Nancy.Tests\Fakes\FakeRoute.cs",
"region":  {
"startLine":  14,
"startColumn":  34,
"endLine":  14,
"endColumn":  62
}
}
},
{
"id":  "S2357",
"message":  "Make 'Age' private.",
"location":  {
"uri":  "sources\Nancy\src\Nancy.Tests\Fakes\PersonWithAgeField.cs",
"region":  {
"startLine":  5,
"startColumn":  20,
"endLine":  5,
"endColumn":  23
}
}
},
{
"id":  "S2357",
"message":  "Make 'Data' private.",
"location":  {
"uri":  "sources\Nancy\src\Nancy.Tests\Unit\Json\TestConverterType.cs",
"region":  {
"startLine":  7,
"startColumn":  14,
"endLine":  7,
"endColumn":  18
}
}
},
{
"id":  "S2357",
"message":  "Make 'ConverterData' private.",
"location":  {
"uri":  "sources\Nancy\src\Nancy.Tests\Unit\Json\TestData.cs",
"region":  {
"startLine":  7,
"startColumn":  28,
"endLine":  7,
"endColumn":  41
}
}
},
{
"id":  "S2357",
"message":  "Make 'PrimitiveConverterData' private.",
"location":  {
"uri":  "sources\Nancy\src\Nancy.Tests\Unit\Json\TestData.cs",
"region":  {
"startLine":  8,
"startColumn":  37,
"endLine":  8,
"endColumn":  59
}
}
},
{
"id":  "S2357",
"message":  "Make 'Data' private.",
"location":  {
"uri":  "sources\Nancy\src\Nancy.Tests\Unit\Json\TestPrimitiveConverterType.cs",
"region":  {
"startLine":  7,
"startColumn":  14,
"endLine":  7,
"endColumn":  18
}
}
},
{
"id":  "S2357",
"message":  "Make 'IntField' private.",
"location":  {
"uri":  "sources\Nancy\src\Nancy.Tests\Unit\ModelBinding\BindingMemberInfoFixture.cs",
"region":  {
"startLine":  189,
"startColumn":  24,
"endLine":  189,
"endColumn":  32
}
}
},
{
"id":  "S2357",
"message":  "Make 'StringField' private.",
"location":  {
"uri":  "sources\Nancy\src\Nancy.Tests\Unit\ModelBinding\BindingMemberInfoFixture.cs",
"region":  {
"startLine":  190,
"startColumn":  27,
"endLine":  190,
"endColumn":  38
}
}
},
{
"id":  "S2357",
"message":  "Make 'BindableIntField' private.",
"location":  {
"uri":  "sources\Nancy\src\Nancy.Tests\Unit\ModelBinding\BindingMemberInfoFixture.cs",
"region":  {
"startLine":  198,
"startColumn":  24,
"endLine":  198,
"endColumn":  40
}
}
},
{
"id":  "S2357",
"message":  "Make 'BindableStringField' private.",
"location":  {
"uri":  "sources\Nancy\src\Nancy.Tests\Unit\ModelBinding\BindingMemberInfoFixture.cs",
"region":  {
"startLine":  200,
"startColumn":  27,
"endLine":  200,
"endColumn":  46
}
}
},
{
"id":  "S2357",
"message":  "Make 'BindableTestModelField' private.",
"location":  {
"uri":  "sources\Nancy\src\Nancy.Tests\Unit\ModelBinding\BindingMemberInfoFixture.cs",
"region":  {
"startLine":  202,
"startColumn":  30,
"endLine":  202,
"endColumn":  52
}
}
},
{
"id":  "S2357",
"message":  "Make 'BindableBiggerTestModelField' private.",
"location":  {
"uri":  "sources\Nancy\src\Nancy.Tests\Unit\ModelBinding\BindingMemberInfoFixture.cs",
"region":  {
"startLine":  204,
"startColumn":  36,
"endLine":  204,
"endColumn":  64
}
}
},
{
"id":  "S2357",
"message":  "Make 'BindableEnumerableField' private.",
"location":  {
"uri":  "sources\Nancy\src\Nancy.Tests\Unit\ModelBinding\BindingMemberInfoFixture.cs",
"region":  {
"startLine":  207,
"startColumn":  37,
"endLine":  207,
"endColumn":  60
}
}
},
{
"id":  "S2357",
"message":  "Make 'BindableListField' private.",
"location":  {
"uri":  "sources\Nancy\src\Nancy.Tests\Unit\ModelBinding\BindingMemberInfoFixture.cs",
"region":  {
"startLine":  210,
"startColumn":  33,
"endLine":  210,
"endColumn":  50
}
}
},
{
"id":  "S2357",
"message":  "Make 'BindableArrayField' private.",
"location":  {
"uri":  "sources\Nancy\src\Nancy.Tests\Unit\ModelBinding\BindingMemberInfoFixture.cs",
"region":  {
"startLine":  212,
"startColumn":  29,
"endLine":  212,
"endColumn":  47
}
}
},
{
"id":  "S2357",
"message":  "Make 'BindableArrayOfObjectsField' private.",
"location":  {
"uri":  "sources\Nancy\src\Nancy.Tests\Unit\ModelBinding\BindingMemberInfoFixture.cs",
"region":  {
"startLine":  214,
"startColumn":  32,
"endLine":  214,
"endColumn":  59
}
}
},
{
"id":  "S2357",
"message":  "Make 'UnbindableReadOnlyField' private.",
"location":  {
"uri":  "sources\Nancy\src\Nancy.Tests\Unit\ModelBinding\BindingMemberInfoFixture.cs",
"region":  {
"startLine":  229,
"startColumn":  33,
"endLine":  229,
"endColumn":  56
}
}
},
{
"id":  "S2357",
"message":  "Make 'StringField' private.",
"location":  {
"uri":  "sources\Nancy\src\Nancy.Tests\Unit\ModelBinding\DefaultBinderFixture.cs",
"region":  {
"startLine":  1580,
"startColumn":  27,
"endLine":  1580,
"endColumn":  38
}
}
},
{
"id":  "S2357",
"message":  "Make 'AnotherStringField' private.",
"location":  {
"uri":  "sources\Nancy\src\Nancy.Tests\Unit\ModelBinding\DefaultBinderFixture.cs",
"region":  {
"startLine":  1582,
"startColumn":  27,
"endLine":  1582,
"endColumn":  45
}
}
},
{
"id":  "S2357",
"message":  "Make 'IntField' private.",
"location":  {
"uri":  "sources\Nancy\src\Nancy.Tests\Unit\ModelBinding\DefaultBinderFixture.cs",
"region":  {
"startLine":  1588,
"startColumn":  24,
"endLine":  1588,
"endColumn":  32
}
}
},
{
"id":  "S2357",
"message":  "Make 'AnotherIntField' private.",
"location":  {
"uri":  "sources\Nancy\src\Nancy.Tests\Unit\ModelBinding\DefaultBinderFixture.cs",
"region":  {
"startLine":  1590,
"startColumn":  24,
"endLine":  1590,
"endColumn":  39
}
}
},
{
"id":  "S2357",
"message":  "Make 'lowercaseintfield' private.",
"location":  {
"uri":  "sources\Nancy\src\Nancy.Tests\Unit\ModelBinding\DefaultBinderFixture.cs",
"region":  {
"startLine":  1594,
"startColumn":  24,
"endLine":  1594,
"endColumn":  41
}
}
},
{
"id":  "S2357",
"message":  "Make 'DateField' private.",
"location":  {
"uri":  "sources\Nancy\src\Nancy.Tests\Unit\ModelBinding\DefaultBinderFixture.cs",
"region":  {
"startLine":  1598,
"startColumn":  29,
"endLine":  1598,
"endColumn":  38
}
}
},
{
"id":  "S2357",
"message":  "Make 'StringFieldWithDefaultValue' private.",
"location":  {
"uri":  "sources\Nancy\src\Nancy.Tests\Unit\ModelBinding\DefaultBinderFixture.cs",
"region":  {
"startLine":  1602,
"startColumn":  27,
"endLine":  1602,
"endColumn":  54
}
}
},
{
"id":  "S2357",
"message":  "Make 'DoubleField' private.",
"location":  {
"uri":  "sources\Nancy\src\Nancy.Tests\Unit\ModelBinding\DefaultBinderFixture.cs",
"region":  {
"startLine":  1606,
"startColumn":  27,
"endLine":  1606,
"endColumn":  38
}
}
},
{
"id":  "S2357",
"message":  "Make 'IntValuesField' private.",
"location":  {
"uri":  "sources\Nancy\src\Nancy.Tests\Unit\ModelBinding\DefaultBinderFixture.cs",
"region":  {
"startLine":  1612,
"startColumn":  37,
"endLine":  1612,
"endColumn":  51
}
}
},
{
"id":  "S2357",
"message":  "Make 'SomeStringsField' private.",
"location":  {
"uri":  "sources\Nancy\src\Nancy.Tests\Unit\ModelBinding\DefaultBinderFixture.cs",
"region":  {
"startLine":  1616,
"startColumn":  29,
"endLine":  1616,
"endColumn":  45
}
}
},
{
"id":  "S2357",
"message":  "Make 'ModelsField' private.",
"location":  {
"uri":  "sources\Nancy\src\Nancy.Tests\Unit\ModelBinding\DefaultBinderFixture.cs",
"region":  {
"startLine":  1626,
"startColumn":  43,
"endLine":  1626,
"endColumn":  54
}
}
},
{
"id":  "S2357",
"message":  "Make 'NestedStringField' private.",
"location":  {
"uri":  "sources\Nancy\src\Nancy.Tests\Unit\ModelBinding\DefaultBinderFixture.cs",
"region":  {
"startLine":  1640,
"startColumn":  27,
"endLine":  1640,
"endColumn":  44
}
}
},
{
"id":  "S2357",
"message":  "Make 'NestedIntField' private.",
"location":  {
"uri":  "sources\Nancy\src\Nancy.Tests\Unit\ModelBinding\DefaultBinderFixture.cs",
"region":  {
"startLine":  1641,
"startColumn":  24,
"endLine":  1641,
"endColumn":  38
}
}
},
{
"id":  "S2357",
"message":  "Make 'NestedDoubleField' private.",
"location":  {
"uri":  "sources\Nancy\src\Nancy.Tests\Unit\ModelBinding\DefaultBinderFixture.cs",
"region":  {
"startLine":  1642,
"startColumn":  27,
"endLine":  1642,
"endColumn":  44
}
}
},
{
"id":  "S2357",
"message":  "Make 'ListOfPrimitivesField' private.",
"location":  {
"uri":  "sources\Nancy\src\Nancy.Tests\Unit\ModelBinding\DefaultBodyDeserializers\JsonBodyDeserializerFixture.cs",
"region":  {
"startLine":  358,
"startColumn":  30,
"endLine":  358,
"endColumn":  51
}
}
},
{
"id":  "S2357",
"message":  "Make 'Value2' private.",
"location":  {
"uri":  "sources\Nancy\src\Nancy.Tests\Unit\ModelBinding\DefaultBodyDeserializers\JsonBodyDeserializerFixture.cs",
"region":  {
"startLine":  436,
"startColumn":  23,
"endLine":  436,
"endColumn":  29
}
}
},
{
"id":  "S2357",
"message":  "Make 'Longitude' private.",
"location":  {
"uri":  "sources\Nancy\src\Nancy.Tests\Unit\ModelBinding\DefaultBodyDeserializers\JsonBodyDeserializerFixture.cs",
"region":  {
"startLine":  443,
"startColumn":  23,
"endLine":  443,
"endColumn":  32
}
}
},
{
"id":  "S2357",
"message":  "Make 'F1' private.",
"location":  {
"uri":  "sources\Nancy\src\Nancy.Tests\Unit\ModelBinding\DefaultBodyDeserializers\JsonBodyDeserializerFixture.cs",
"region":  {
"startLine":  452,
"startColumn":  21,
"endLine":  452,
"endColumn":  23
}
}
},
{
"id":  "S2357",
"message":  "Make 'F2' private.",
"location":  {
"uri":  "sources\Nancy\src\Nancy.Tests\Unit\ModelBinding\DefaultBodyDeserializers\JsonBodyDeserializerFixture.cs",
"region":  {
"startLine":  453,
"startColumn":  21,
"endLine":  453,
"endColumn":  23
}
}
},
{
"id":  "S2357",
"message":  "Make 'F3' private.",
"location":  {
"uri":  "sources\Nancy\src\Nancy.Tests\Unit\ModelBinding\DefaultBodyDeserializers\JsonBodyDeserializerFixture.cs",
"region":  {
"startLine":  454,
"startColumn":  22,
"endLine":  454,
"endColumn":  24
}
}
},
{
"id":  "S2357",
"message":  "Make 'FirstName' private.",
"location":  {
"uri":  "sources\Nancy\src\Nancy.Tests\Unit\Responses\DefaultJsonSerializerFixture.cs",
"region":  {
"startLine":  104,
"startColumn":  27,
"endLine":  104,
"endColumn":  36
}
}
},
{
"id":  "S2357",
"message":  "Make 'LastName' private.",
"location":  {
"uri":  "sources\Nancy\src\Nancy.Tests\Unit\Responses\DefaultJsonSerializerFixture.cs",
"region":  {
"startLine":  105,
"startColumn":  27,
"endLine":  105,
"endColumn":  35
}
}
}
]
}
