{
"issues":  [
{
"id":  "S1226",
"message":  "Introduce a new variable instead of reusing the parameter 'requestedPath'.",
"location":  {
"uri":  "sources\Nancy\src\Nancy\Conventions\StaticContentConventionBuilder.cs",
"region":  {
"startLine":  38,
"startColumn":  17,
"endLine":  38,
"endColumn":  30
}
}
},
{
"id":  "S1226",
"message":  "Introduce a new variable instead of reusing the parameter 'contentPath'.",
"location":  {
"uri":  "sources\Nancy\src\Nancy\Conventions\StaticContentConventionBuilder.cs",
"region":  {
"startLine":  62,
"startColumn":  17,
"endLine":  62,
"endColumn":  28
}
}
},
{
"id":  "S1226",
"message":  "Introduce a new variable instead of reusing the parameter 'contentPath'.",
"location":  {
"uri":  "sources\Nancy\src\Nancy\Conventions\StaticContentConventionBuilder.cs",
"region":  {
"startLine":  118,
"startColumn":  13,
"endLine":  118,
"endColumn":  24
}
}
},
{
"id":  "S1226",
"message":  "Introduce a new variable instead of reusing the parameter 'contentPath'.",
"location":  {
"uri":  "sources\Nancy\src\Nancy\Conventions\StaticContentConventionBuilder.cs",
"region":  {
"startLine":  123,
"startColumn":  17,
"endLine":  123,
"endColumn":  28
}
}
},
{
"id":  "S1226",
"message":  "Introduce a new variable instead of reusing the parameter 'name'.",
"location":  {
"uri":  "sources\Nancy\src\Nancy\DynamicDictionary.cs",
"region":  {
"startLine":  111,
"startColumn":  17,
"endLine":  111,
"endColumn":  21
}
}
},
{
"id":  "S1226",
"message":  "Introduce a new variable instead of reusing the parameter 'name'.",
"location":  {
"uri":  "sources\Nancy\src\Nancy\DynamicDictionary.cs",
"region":  {
"startLine":  123,
"startColumn":  17,
"endLine":  123,
"endColumn":  21
}
}
},
{
"id":  "S1226",
"message":  "Introduce a new variable instead of reusing the parameter 'key'.",
"location":  {
"uri":  "sources\Nancy\src\Nancy\DynamicDictionary.cs",
"region":  {
"startLine":  209,
"startColumn":  13,
"endLine":  209,
"endColumn":  16
}
}
},
{
"id":  "S1226",
"message":  "Introduce a new variable instead of reusing the parameter 'key'.",
"location":  {
"uri":  "sources\Nancy\src\Nancy\DynamicDictionary.cs",
"region":  {
"startLine":  230,
"startColumn":  13,
"endLine":  230,
"endColumn":  16
}
}
},
{
"id":  "S1226",
"message":  "Introduce a new variable instead of reusing the parameter 'key'.",
"location":  {
"uri":  "sources\Nancy\src\Nancy\DynamicDictionary.cs",
"region":  {
"startLine":  291,
"startColumn":  13,
"endLine":  291,
"endColumn":  16
}
}
},
{
"id":  "S1226",
"message":  "Introduce a new variable instead of reusing the parameter 'e'.",
"location":  {
"uri":  "sources\Nancy\src\Nancy\Helpers\HttpUtility.cs",
"region":  {
"startLine":  144,
"startColumn":  17,
"endLine":  144,
"endColumn":  18
}
}
},
{
"id":  "S1226",
"message":  "Introduce a new variable instead of reusing the parameter 'query'.",
"location":  {
"uri":  "sources\Nancy\src\Nancy\Helpers\HttpUtility.cs",
"region":  {
"startLine":  712,
"startColumn":  17,
"endLine":  712,
"endColumn":  22
}
}
},
{
"id":  "S1226",
"message":  "Introduce a new variable instead of reusing the parameter 'count'.",
"location":  {
"uri":  "sources\Nancy\src\Nancy\HttpMultipartSubStream.cs",
"region":  {
"startLine":  125,
"startColumn":  17,
"endLine":  125,
"endColumn":  22
}
}
},
{
"id":  "S1226",
"message":  "Introduce a new variable instead of reusing the parameter 'obj'.",
"location":  {
"uri":  "sources\Nancy\src\Nancy\Json\JavaScriptSerializer.cs",
"region":  {
"startLine":  149,
"startColumn":  17,
"endLine":  149,
"endColumn":  20
}
}
},
{
"id":  "S1226",
"message":  "Introduce a new variable instead of reusing the parameter 'obj'.",
"location":  {
"uri":  "sources\Nancy\src\Nancy\Json\JavaScriptSerializer.cs",
"region":  {
"startLine":  157,
"startColumn":  21,
"endLine":  157,
"endColumn":  24
}
}
},
{
"id":  "S1226",
"message":  "Introduce a new variable instead of reusing the parameter 'value'.",
"location":  {
"uri":  "sources\Nancy\src\Nancy\Json\JavaScriptSerializer.cs",
"region":  {
"startLine":  235,
"startColumn":  17,
"endLine":  235,
"endColumn":  22
}
}
},
{
"id":  "S1226",
"message":  "Introduce a new variable instead of reusing the parameter 'value'.",
"location":  {
"uri":  "sources\Nancy\src\Nancy\Json\JavaScriptSerializer.cs",
"region":  {
"startLine":  237,
"startColumn":  17,
"endLine":  237,
"endColumn":  22
}
}
},
{
"id":  "S1226",
"message":  "Introduce a new variable instead of reusing the parameter 'type'.",
"location":  {
"uri":  "sources\Nancy\src\Nancy\Json\JavaScriptSerializer.cs",
"region":  {
"startLine":  324,
"startColumn":  21,
"endLine":  324,
"endColumn":  25
}
}
},
{
"id":  "S1226",
"message":  "Introduce a new variable instead of reusing the parameter 'type'.",
"location":  {
"uri":  "sources\Nancy\src\Nancy\Json\JavaScriptSerializer.cs",
"region":  {
"startLine":  341,
"startColumn":  25,
"endLine":  341,
"endColumn":  29
}
}
},
{
"id":  "S1226",
"message":  "Introduce a new variable instead of reusing the parameter 'type'.",
"location":  {
"uri":  "sources\Nancy\src\Nancy\Json\JavaScriptSerializer.cs",
"region":  {
"startLine":  356,
"startColumn":  17,
"endLine":  356,
"endColumn":  21
}
}
},
{
"id":  "S1226",
"message":  "Introduce a new variable instead of reusing the parameter 'obj'.",
"location":  {
"uri":  "sources\Nancy\src\Nancy\Json\JsonSerializer.cs",
"region":  {
"startLine":  117,
"startColumn":  5,
"endLine":  117,
"endColumn":  8
}
}
},
{
"id":  "S1226",
"message":  "Introduce a new variable instead of reusing the parameter 'obj'.",
"location":  {
"uri":  "sources\Nancy\src\Nancy\Json\JsonSerializer.cs",
"region":  {
"startLine":  148,
"startColumn":  5,
"endLine":  148,
"endColumn":  8
}
}
},
{
"id":  "S1226",
"message":  "Introduce a new variable instead of reusing the parameter 'key'.",
"location":  {
"uri":  "sources\Nancy\src\Nancy\Json\JsonSerializer.cs",
"region":  {
"startLine":  432,
"startColumn":  4,
"endLine":  432,
"endColumn":  7
}
}
},
{
"id":  "S1226",
"message":  "Introduce a new variable instead of reusing the parameter 'value'.",
"location":  {
"uri":  "sources\Nancy\src\Nancy\Json\JsonSerializer.cs",
"region":  {
"startLine":  507,
"startColumn":  15,
"endLine":  507,
"endColumn":  20
}
}
},
{
"id":  "S1226",
"message":  "Introduce a new variable instead of reusing the parameter 'options'.",
"location":  {
"uri":  "sources\Nancy\src\Nancy\Owin\NancyMiddleware.cs",
"region":  {
"startLine":  53,
"startColumn":  13,
"endLine":  53,
"endColumn":  20
}
}
},
{
"id":  "S1226",
"message":  "Introduce a new variable instead of reusing the parameter 'owinRequestHost'.",
"location":  {
"uri":  "sources\Nancy\src\Nancy\Owin\NancyMiddleware.cs",
"region":  {
"startLine":  227,
"startColumn":  17,
"endLine":  227,
"endColumn":  32
}
}
},
{
"id":  "S1226",
"message":  "Introduce a new variable instead of reusing the parameter 'contentType'.",
"location":  {
"uri":  "sources\Nancy\src\Nancy\Responses\Negotiation\MediaRange.cs",
"region":  {
"startLine":  24,
"startColumn":  17,
"endLine":  24,
"endColumn":  28
}
}
},
{
"id":  "S1226",
"message":  "Introduce a new variable instead of reusing the parameter 'encoding'.",
"location":  {
"uri":  "sources\Nancy\src\Nancy\Responses\TextResponse.cs",
"region":  {
"startLine":  25,
"startColumn":  17,
"endLine":  25,
"endColumn":  25
}
}
},
{
"id":  "S1226",
"message":  "Introduce a new variable instead of reusing the parameter 'contentType'.",
"location":  {
"uri":  "sources\Nancy\src\Nancy\Responses\TextResponse.cs",
"region":  {
"startLine":  30,
"startColumn":  17,
"endLine":  30,
"endColumn":  28
}
}
},
{
"id":  "S1226",
"message":  "Introduce a new variable instead of reusing the parameter 'encoding'.",
"location":  {
"uri":  "sources\Nancy\src\Nancy\Responses\TextResponse.cs",
"region":  {
"startLine":  58,
"startColumn":  17,
"endLine":  58,
"endColumn":  25
}
}
},
{
"id":  "S1226",
"message":  "Introduce a new variable instead of reusing the parameter 'requestedPath'.",
"location":  {
"uri":  "sources\Nancy\src\Nancy\Routing\DefaultRoutePatternMatcher.cs",
"region":  {
"startLine":  33,
"startColumn":  13,
"endLine":  33,
"endColumn":  26
}
}
},
{
"id":  "S1226",
"message":  "Introduce a new variable instead of reusing the parameter 'requestedPath'.",
"location":  {
"uri":  "sources\Nancy\src\Nancy\Routing\DefaultRoutePatternMatcher.cs",
"region":  {
"startLine":  53,
"startColumn":  17,
"endLine":  53,
"endColumn":  30
}
}
},
{
"id":  "S1226",
"message":  "Introduce a new variable instead of reusing the parameter 'segment'.",
"location":  {
"uri":  "sources\Nancy\src\Nancy\Routing\DefaultRoutePatternMatcher.cs",
"region":  {
"startLine":  131,
"startColumn":  13,
"endLine":  131,
"endColumn":  20
}
}
},
{
"id":  "S1226",
"message":  "Introduce a new variable instead of reusing the parameter 'segment'.",
"location":  {
"uri":  "sources\Nancy\src\Nancy\Routing\DefaultRoutePatternMatcher.cs",
"region":  {
"startLine":  149,
"startColumn":  17,
"endLine":  149,
"endColumn":  24
}
}
},
{
"id":  "S1226",
"message":  "Introduce a new variable instead of reusing the parameter 'segment'.",
"location":  {
"uri":  "sources\Nancy\src\Nancy\Routing\DefaultRoutePatternMatcher.cs",
"region":  {
"startLine":  154,
"startColumn":  13,
"endLine":  154,
"endColumn":  20
}
}
},
{
"id":  "S1226",
"message":  "Introduce a new variable instead of reusing the parameter 'segment'.",
"location":  {
"uri":  "sources\Nancy\src\Nancy\Routing\DefaultRoutePatternMatcher.cs",
"region":  {
"startLine":  158,
"startColumn":  17,
"endLine":  158,
"endColumn":  24
}
}
},
{
"id":  "S1226",
"message":  "Introduce a new variable instead of reusing the parameter 'cryptographyConfiguration'.",
"location":  {
"uri":  "sources\Nancy\src\Nancy\Security\Csrf.cs",
"region":  {
"startLine":  25,
"startColumn":  13,
"endLine":  25,
"endColumn":  38
}
}
},
{
"id":  "S1226",
"message":  "Introduce a new variable instead of reusing the parameter 'cryptographyConfiguration'.",
"location":  {
"uri":  "sources\Nancy\src\Nancy\Security\Csrf.cs",
"region":  {
"startLine":  93,
"startColumn":  13,
"endLine":  93,
"endColumn":  38
}
}
},
{
"id":  "S1226",
"message":  "Introduce a new variable instead of reusing the parameter 'constructor'.",
"location":  {
"uri":  "sources\Nancy\src\Nancy\TinyIoc\TinyIoC.cs",
"region":  {
"startLine":  3654,
"startColumn":  17,
"endLine":  3654,
"endColumn":  28
}
}
},
{
"id":  "S1226",
"message":  "Introduce a new variable instead of reusing the parameter 'substitutionObject'.",
"location":  {
"uri":  "sources\Nancy\src\Nancy\ViewEngines\SuperSimpleViewEngine\SuperSimpleViewEngine.cs",
"region":  {
"startLine":  338,
"startColumn":  21,
"endLine":  338,
"endColumn":  39
}
}
},
{
"id":  "S1226",
"message":  "Introduce a new variable instead of reusing the parameter 'model'.",
"location":  {
"uri":  "sources\Nancy\src\Nancy\ViewEngines\SuperSimpleViewEngine\SuperSimpleViewEngine.cs",
"region":  {
"startLine":  482,
"startColumn":  25,
"endLine":  482,
"endColumn":  30
}
}
},
{
"id":  "S1226",
"message":  "Introduce a new variable instead of reusing the parameter 'model'.",
"location":  {
"uri":  "sources\Nancy\src\Nancy\ViewEngines\SuperSimpleViewEngine\SuperSimpleViewEngine.cs",
"region":  {
"startLine":  574,
"startColumn":  25,
"endLine":  574,
"endColumn":  30
}
}
}
]
}
