{
"issues":  [
{
"id":  "S1694",
"message":  "Convert this 'abstract' class to a concrete class with a private constructor.",
"location":  {
"uri":  "sources\Nancy\src\Nancy.ViewEngines.Razor\HtmlHelpers.cs",
"region":  {
"startLine":  35,
"startColumn":  27,
"endLine":  35,
"endColumn":  38
}
}
}
]
}
