{
"issues":  [
{
"id":  "S2357",
"message":  "Make 'CapturedRequest' private.",
"location":  {
"uri":  "sources\Nancy\src\Nancy.Testing.Tests\BrowserDefaultsFixture.cs",
"region":  {
"startLine":  172,
"startColumn":  28,
"endLine":  172,
"endColumn":  43
}
}
}
]
}
