{
"issues":  [
{
"id":  "S1104",
"message":  "Make this field 'private' and encapsulate it in a 'public' property.",
"location":  {
"uri":  "sources\akka.net\src\core\Akka.Remote.Tests\RemoteWatcherSpec.cs",
"region":  {
"startLine":  40,
"startColumn":  32,
"endLine":  40,
"endColumn":  65
}
}
}
]
}
