{
"issues":  [
{
"id":  "S2357",
"message":  "Make 'Serializer' private.",
"location":  {
"uri":  "sources\akka.net\src\core\Akka.Cluster.Tests\Proto\ClusterMessageSerializerSpec.cs",
"region":  {
"startLine":  26,
"startColumn":  27,
"endLine":  26,
"endColumn":  37
}
}
}
]
}
