{
"issues":  [
{
"id":  "S1694",
"message":  "Convert this 'abstract' class to a concrete class with a private constructor.",
"location":  {
"uri":  "sources\akka.net\src\contrib\cluster\Akka.Cluster.Sharding\Shard.cs",
"region":  {
"startLine":  71,
"startColumn":  31,
"endLine":  71,
"endColumn":  42
}
}
}
]
}
