{
"issues":  [
{
"id":  "S1481",
"message":  "Remove this unused 'chaos2' local variable.",
"location":  {
"uri":  "sources\akka.net\src\core\Akka.Persistence.Tests\AtLeastOnceDeliveryFailureSpec.cs",
"region":  {
"startLine":  337,
"startColumn":  17,
"endLine":  337,
"endColumn":  23
}
}
}
]
}
