{
"issues":  [
{
"id":  "S3010",
"message":  "Remove this assignment of 'OtherThread' or initialize it statically.",
"location":  [
{
"uri":  "sources\akka.net\src\core\Akka.TestKit.Tests\TestActorRefTests\TestActorRefSpec.cs",
"region":  {
"startLine":  28,
"startColumn":  13,
"endLine":  28,
"endColumn":  26
}
},
{
"uri":  "sources\akka.net\src\core\Akka.TestKit.Tests\TestActorRefTests\TestActorRefSpec.cs",
"region":  {
"startLine":  22,
"startColumn":  30,
"endLine":  22,
"endColumn":  41
}
}
]
}
]
}
