{
"issues":  [
{
"id":  "S1226",
"message":  "Introduce a new variable instead of reusing the parameter 'set'.",
"location":  {
"uri":  "sources\akka.net\src\core\Akka.Cluster\Proto\ClusterMessageSerializer.cs",
"region":  {
"startLine":  334,
"startColumn":  35,
"endLine":  334,
"endColumn":  38
}
}
}
]
}
