{
"issues":  [
{
"id":  "S1694",
"message":  "Convert this 'abstract' class to a concrete class with a private constructor.",
"location":  {
"uri":  "sources\akka.net\src\core\Akka.Tests\Actor\FSMTimingSpec.cs",
"region":  {
"startLine":  244,
"startColumn":  31,
"endLine":  244,
"endColumn":  40
}
}
}
]
}
