{
"issues":  [
{
"id":  "S1451",
"message":  "Add or update the header of this file.",
"location":  {
"uri":  "sources\akka.net\src\core\Akka.Remote.TestKit.Tests\BarrierSpec.cs",
"region":  {
"startLine":  1,
"startColumn":  1,
"endLine":  1,
"endColumn":  1
}
}
},
{
"id":  "S1451",
"message":  "Add or update the header of this file.",
"location":  {
"uri":  "sources\akka.net\src\core\Akka.Remote.TestKit.Tests\ControllerSpec.cs",
"region":  {
"startLine":  1,
"startColumn":  1,
"endLine":  1,
"endColumn":  1
}
}
},
{
"id":  "S1451",
"message":  "Add or update the header of this file.",
"location":  {
"uri":  "sources\akka.net\src\core\Akka.Remote.TestKit.Tests\Properties\AssemblyInfo.cs",
"region":  {
"startLine":  1,
"startColumn":  1,
"endLine":  1,
"endColumn":  1
}
}
}
]
}
