{
"issues":  [
{
"id":  "S1481",
"message":  "Remove this unused 'exitCode' local variable.",
"location":  {
"uri":  "sources\akka.net\src\core\Akka.MultiNodeTestRunner\Program.cs",
"region":  {
"startLine":  140,
"startColumn":  33,
"endLine":  140,
"endColumn":  41
}
}
}
]
}
