{
"issues":  [
{
"id":  "S1226",
"message":  "Introduce a new variable instead of reusing the parameter 'node'.",
"location":  {
"uri":  "sources\akka.net\src\core\Akka.Persistence\Journal\MemoryJournal.cs",
"region":  {
"startLine":  127,
"startColumn":  17,
"endLine":  127,
"endColumn":  21
}
}
},
{
"id":  "S1226",
"message":  "Introduce a new variable instead of reusing the parameter 'node'.",
"location":  {
"uri":  "sources\akka.net\src\core\Akka.Persistence\Journal\MemoryJournal.cs",
"region":  {
"startLine":  138,
"startColumn":  21,
"endLine":  138,
"endColumn":  25
}
}
},
{
"id":  "S1226",
"message":  "Introduce a new variable instead of reusing the parameter 'node'.",
"location":  {
"uri":  "sources\akka.net\src\core\Akka.Persistence\Journal\MemoryJournal.cs",
"region":  {
"startLine":  142,
"startColumn":  22,
"endLine":  142,
"endColumn":  26
}
}
},
{
"id":  "S1226",
"message":  "Introduce a new variable instead of reusing the parameter 'representation'.",
"location":  {
"uri":  "sources\akka.net\src\core\Akka.Persistence\Journal\WriteJournal.cs",
"region":  {
"startLine":  61,
"startColumn":  13,
"endLine":  61,
"endColumn":  27
}
}
}
]
}
