{
"issues":  [
{
"id":  "S1450",
"message":  "Remove the '_di' field and declare it as a local variable in the relevant methods.",
"location":  {
"uri":  "sources\akka.net\src\contrib\dependencyInjection\Akka.DI.TestKit\DiResolverSpec.cs",
"region":  {
"startLine":  167,
"startColumn":  38,
"endLine":  167,
"endColumn":  41
}
}
},
{
"id":  "S1450",
"message":  "Remove the '_di' field and declare it as a local variable in the relevant methods.",
"location":  {
"uri":  "sources\akka.net\src\contrib\dependencyInjection\Akka.DI.TestKit\DiResolverSpec.cs",
"region":  {
"startLine":  179,
"startColumn":  38,
"endLine":  179,
"endColumn":  41
}
}
}
]
}
