{
"issues":  [
{
"id":  "S1481",
"message":  "Remove this unused 'messages' local variable.",
"location":  {
"uri":  "sources\akka.net\src\core\Akka.MultiNodeTestRunner.Shared.Tests\NodeMessageHelpers.cs",
"region":  {
"startLine":  128,
"startColumn":  17,
"endLine":  128,
"endColumn":  25
}
}
}
]
}
