{
"issues":  [
{
"id":  "S1451",
"message":  "Add or update the header of this file.",
"location":  {
"uri":  "sources\akka.net\src\contrib\persistence\Akka.Persistence.Sql.Common.TestKit\Properties\AssemblyInfo.cs",
"region":  {
"startLine":  1,
"startColumn":  1,
"endLine":  1,
"endColumn":  1
}
}
},
{
"id":  "S1451",
"message":  "Add or update the header of this file.",
"location":  {
"uri":  "sources\akka.net\src\contrib\persistence\Akka.Persistence.Sql.Common.TestKit\SqlJournalQuerySpec.cs",
"region":  {
"startLine":  1,
"startColumn":  1,
"endLine":  1,
"endColumn":  1
}
}
}
]
}
