{
"issues":  [
{
"id":  "S1698",
"message":  "Consider using 'Equals' if value comparison was intended.",
"location":  {
"uri":  "sources\akka.net\src\core\Akka.Cluster.Tests\ReachabilitySpec.cs",
"region":  {
"startLine":  55,
"startColumn":  27,
"endLine":  55,
"endColumn":  29
}
}
},
{
"id":  "S1698",
"message":  "Consider using 'Equals' if value comparison was intended.",
"location":  {
"uri":  "sources\akka.net\src\core\Akka.Cluster.Tests\ReachabilitySpec.cs",
"region":  {
"startLine":  56,
"startColumn":  27,
"endLine":  56,
"endColumn":  29
}
}
},
{
"id":  "S1698",
"message":  "Consider using 'Equals' if value comparison was intended.",
"location":  {
"uri":  "sources\akka.net\src\core\Akka.Cluster.Tests\ReachabilitySpec.cs",
"region":  {
"startLine":  63,
"startColumn":  27,
"endLine":  63,
"endColumn":  29
}
}
}
]
}
