{
"issues":  [
{
"id":  "S1450",
"message":  "Remove the 'conf' field and declare it as a local variable in the relevant methods.",
"location":  {
"uri":  "sources\akka.net\src\core\Akka.Remote.Tests\RemoteRouterSpec.cs",
"region":  {
"startLine":  39,
"startColumn":  24,
"endLine":  39,
"endColumn":  28
}
}
},
{
"id":  "S1450",
"message":  "Remove the 'remote' field and declare it as a local variable in the relevant methods.",
"location":  {
"uri":  "sources\akka.net\src\core\Akka.Remote.Tests\RemotingSpec.cs",
"region":  {
"startLine":  136,
"startColumn":  26,
"endLine":  136,
"endColumn":  32
}
}
},
{
"id":  "S1450",
"message":  "Remove the 'testMsgPdu' field and declare it as a local variable in the relevant methods.",
"location":  {
"uri":  "sources\akka.net\src\core\Akka.Remote.Tests\Transport\AkkaProtocolSpec.cs",
"region":  {
"startLine":  38,
"startColumn":  28,
"endLine":  38,
"endColumn":  38
}
}
},
{
"id":  "S1450",
"message":  "Remove the 'remote' field and declare it as a local variable in the relevant methods.",
"location":  {
"uri":  "sources\akka.net\src\core\Akka.Remote.Tests\Transport\AkkaProtocolStressTest.cs",
"region":  {
"startLine":  149,
"startColumn":  27,
"endLine":  149,
"endColumn":  33
}
}
},
{
"id":  "S1450",
"message":  "Remove the 'remote' field and declare it as a local variable in the relevant methods.",
"location":  {
"uri":  "sources\akka.net\src\core\Akka.Remote.Tests\Transport\ThrottlerTransportAdapterSpec.cs",
"region":  {
"startLine":  129,
"startColumn":  27,
"endLine":  129,
"endColumn":  33
}
}
}
]
}
