{
"issues":  [
{
"id":  "S1481",
"message":  "Remove this unused 'log' local variable.",
"location":  {
"uri":  "sources\akka.net\src\examples\Cluster\ClusterTools\ClusterToolsExample.Shared\WorkLoadCounter.cs",
"region":  {
"startLine":  11,
"startColumn":  17,
"endLine":  11,
"endColumn":  20
}
}
}
]
}
