{
"issues":  [
{
"id":  "S2228",
"message":  "Remove this logging statement.",
"location":  {
"uri":  "sources\akka.net\src\examples\HelloWorld\HelloAkka\GreetingActor.cs",
"region":  {
"startLine":  21,
"startColumn":  37,
"endLine":  21,
"endColumn":  54
}
}
}
]
}
