{
"issues":  [
{
"id":  "S2228",
"message":  "Remove this logging statement.",
"location":  {
"uri":  "sources\akka.net\src\examples\Routing\Program.cs",
"region":  {
"startLine":  54,
"startColumn":  17,
"endLine":  54,
"endColumn":  34
}
}
},
{
"id":  "S2228",
"message":  "Remove this logging statement.",
"location":  {
"uri":  "sources\akka.net\src\examples\Routing\Program.cs",
"region":  {
"startLine":  55,
"startColumn":  17,
"endLine":  55,
"endColumn":  34
}
}
},
{
"id":  "S2228",
"message":  "Remove this logging statement.",
"location":  {
"uri":  "sources\akka.net\src\examples\Routing\Program.cs",
"region":  {
"startLine":  56,
"startColumn":  17,
"endLine":  56,
"endColumn":  34
}
}
},
{
"id":  "S2228",
"message":  "Remove this logging statement.",
"location":  {
"uri":  "sources\akka.net\src\examples\Routing\Program.cs",
"region":  {
"startLine":  57,
"startColumn":  17,
"endLine":  57,
"endColumn":  34
}
}
},
{
"id":  "S2228",
"message":  "Remove this logging statement.",
"location":  {
"uri":  "sources\akka.net\src\examples\Routing\Program.cs",
"region":  {
"startLine":  63,
"startColumn":  17,
"endLine":  63,
"endColumn":  34
}
}
},
{
"id":  "S2228",
"message":  "Remove this logging statement.",
"location":  {
"uri":  "sources\akka.net\src\examples\Routing\Program.cs",
"region":  {
"startLine":  67,
"startColumn":  17,
"endLine":  67,
"endColumn":  34
}
}
},
{
"id":  "S2228",
"message":  "Remove this logging statement.",
"location":  {
"uri":  "sources\akka.net\src\examples\Routing\Program.cs",
"region":  {
"startLine":  86,
"startColumn":  17,
"endLine":  86,
"endColumn":  34
}
}
},
{
"id":  "S2228",
"message":  "Remove this logging statement.",
"location":  {
"uri":  "sources\akka.net\src\examples\Routing\Program.cs",
"region":  {
"startLine":  87,
"startColumn":  17,
"endLine":  87,
"endColumn":  34
}
}
},
{
"id":  "S2228",
"message":  "Remove this logging statement.",
"location":  {
"uri":  "sources\akka.net\src\examples\Routing\Program.cs",
"region":  {
"startLine":  88,
"startColumn":  17,
"endLine":  88,
"endColumn":  34
}
}
},
{
"id":  "S2228",
"message":  "Remove this logging statement.",
"location":  {
"uri":  "sources\akka.net\src\examples\Routing\Program.cs",
"region":  {
"startLine":  89,
"startColumn":  17,
"endLine":  89,
"endColumn":  34
}
}
},
{
"id":  "S2228",
"message":  "Remove this logging statement.",
"location":  {
"uri":  "sources\akka.net\src\examples\Routing\Program.cs",
"region":  {
"startLine":  105,
"startColumn":  13,
"endLine":  105,
"endColumn":  30
}
}
}
]
}
