{
"issues":  [
{
"id":  "S2228",
"message":  "Remove this logging statement.",
"location":  {
"uri":  "sources\akka.net\src\examples\TimeServer\TimeClient\Program.cs",
"region":  {
"startLine":  40,
"startColumn":  17,
"endLine":  40,
"endColumn":  34
}
}
},
{
"id":  "S2228",
"message":  "Remove this logging statement.",
"location":  {
"uri":  "sources\akka.net\src\examples\TimeServer\TimeClient\Program.cs",
"region":  {
"startLine":  45,
"startColumn":  17,
"endLine":  45,
"endColumn":  34
}
}
},
{
"id":  "S2228",
"message":  "Remove this logging statement.",
"location":  {
"uri":  "sources\akka.net\src\examples\TimeServer\TimeClient\Program.cs",
"region":  {
"startLine":  46,
"startColumn":  17,
"endLine":  46,
"endColumn":  34
}
}
},
{
"id":  "S2228",
"message":  "Remove this logging statement.",
"location":  {
"uri":  "sources\akka.net\src\examples\TimeServer\TimeClient\Program.cs",
"region":  {
"startLine":  64,
"startColumn":  17,
"endLine":  64,
"endColumn":  34
}
}
}
]
}
