{
"issues":  [
{
"id":  "S104",
"message":  "This file has 1298 lines, which is greater than 1000 authorized. Split it into smaller files.",
"location":  {
"uri":  "sources\Ember-MM\EmberAPI\clsAPICommon.vb",
"region":  {
"startLine":  1,
"startColumn":  1,
"endLine":  1,
"endColumn":  1
}
}
},
{
"id":  "S104",
"message":  "This file has 2070 lines, which is greater than 1000 authorized. Split it into smaller files.",
"location":  {
"uri":  "sources\Ember-MM\EmberAPI\clsAPIDatabase.vb",
"region":  {
"startLine":  1,
"startColumn":  1,
"endLine":  1,
"endColumn":  1
}
}
},
{
"id":  "S104",
"message":  "This file has 1347 lines, which is greater than 1000 authorized. Split it into smaller files.",
"location":  {
"uri":  "sources\Ember-MM\EmberAPI\clsAPIImages.vb",
"region":  {
"startLine":  1,
"startColumn":  1,
"endLine":  1,
"endColumn":  1
}
}
},
{
"id":  "S104",
"message":  "This file has 1818 lines, which is greater than 1000 authorized. Split it into smaller files.",
"location":  {
"uri":  "sources\Ember-MM\EmberAPI\clsAPIMediaContainers.vb",
"region":  {
"startLine":  1,
"startColumn":  1,
"endLine":  1,
"endColumn":  1
}
}
},
{
"id":  "S104",
"message":  "This file has 1149 lines, which is greater than 1000 authorized. Split it into smaller files.",
"location":  {
"uri":  "sources\Ember-MM\EmberAPI\clsAPINFO.vb",
"region":  {
"startLine":  1,
"startColumn":  1,
"endLine":  1,
"endColumn":  1
}
}
},
{
"id":  "S104",
"message":  "This file has 1762 lines, which is greater than 1000 authorized. Split it into smaller files.",
"location":  {
"uri":  "sources\Ember-MM\EmberAPI\clsAPIScanner.vb",
"region":  {
"startLine":  1,
"startColumn":  1,
"endLine":  1,
"endColumn":  1
}
}
},
{
"id":  "S104",
"message":  "This file has 3831 lines, which is greater than 1000 authorized. Split it into smaller files.",
"location":  {
"uri":  "sources\Ember-MM\EmberAPI\clsAPISettings.vb",
"region":  {
"startLine":  1,
"startColumn":  1,
"endLine":  1,
"endColumn":  1
}
}
}
]
}
