{
"issues":  [
{
"id":  "S122",
"message":  "Reformat the code to have only one statement per line.",
"location":  {
"uri":  "sources\Ember-MM\Addons\generic.EmberCore.Notifications\frmNotify.vb",
"region":  {
"startLine":  75,
"startColumn":  13,
"endLine":  75,
"endColumn":  30
}
}
},
{
"id":  "S122",
"message":  "Reformat the code to have only one statement per line.",
"location":  {
"uri":  "sources\Ember-MM\Addons\generic.EmberCore.Notifications\frmNotify.vb",
"region":  {
"startLine":  95,
"startColumn":  9,
"endLine":  95,
"endColumn":  37
}
}
},
{
"id":  "S122",
"message":  "Reformat the code to have only one statement per line.",
"location":  {
"uri":  "sources\Ember-MM\Addons\generic.EmberCore.Notifications\Module.Notifications.vb",
"region":  {
"startLine":  111,
"startColumn":  17,
"endLine":  111,
"endColumn":  33
}
}
}
]
}
